// Vitest Snapshot v1, https://vitest.dev/guide/snapshot.html

exports[`<Folder_List> > should a list are visible when redux are feed with correct folders datas 1`] = `"<li data-rbd-draggable-context-id="2" data-rbd-draggable-id="0" tabindex="0" role="button" aria-describedby="rbd-hidden-text-2-hidden-text-4" data-rbd-drag-handle-draggable-id="0" data-rbd-drag-handle-context-id="2" draggable="false" class="folderButton_Box"><div>Faire les courses</div></li><li data-rbd-draggable-context-id="2" data-rbd-draggable-id="1" tabindex="0" role="button" aria-describedby="rbd-hidden-text-2-hidden-text-4" data-rbd-drag-handle-draggable-id="1" data-rbd-drag-handle-context-id="2" draggable="false" class="folderButton_Box"><div>Faire le m√©nage</div></li><li data-rbd-draggable-context-id="2" data-rbd-draggable-id="2" tabindex="0" role="button" aria-describedby="rbd-hidden-text-2-hidden-text-4" data-rbd-drag-handle-draggable-id="2" data-rbd-drag-handle-context-id="2" draggable="false" class="folderButton_Box"><div>Promener le chien</div></li>"`;
